--
11-16-2025 08:42:52: Class: WilokeListingTools\Framework\Payment\Stripe\StripeWebhook
Method: WilokeListingTools\Framework\Payment\Stripe\StripeWebhook
codeStatus: 400
Message: No signatures found matching the expected signature for payload
--
11-16-2025 08:43:08: Class: WilokeListingTools\Framework\Payment\Stripe\StripeWebhook
Method: WilokeListingTools\Framework\Payment\Stripe\StripeWebhook
codeStatus: 400
Message: No signatures found matching the expected signature for payload
--
11-16-2025 09:43:05: Class: WilokeListingTools\Framework\Payment\Stripe\StripeWebhook
Method: WilokeListingTools\Framework\Payment\Stripe\StripeWebhook
codeStatus: 400
Message: No signatures found matching the expected signature for payload
--
11-16-2025 01:46:02: Class: WilokeListingTools\Framework\Payment\Stripe\StripeWebhook
Method: WilokeListingTools\Framework\Payment\Stripe\StripeWebhook
codeStatus: 400
Message: No signatures found matching the expected signature for payload
--
11-17-2025 04:00:51: Class: WilokeListingTools\Framework\Payment\Stripe\StripeWebhook
Method: WilokeListingTools\Framework\Payment\Stripe\StripeWebhook
codeStatus: 400
Message: No signatures found matching the expected signature for payload
--
11-18-2025 04:17:00: Class: WilokeListingTools\Framework\Payment\Stripe\StripeWebhook
Method: WilokeListingTools\Framework\Payment\Stripe\StripeWebhook
codeStatus: 400
Message: No signatures found matching the expected signature for payload
--
11-19-2025 03:58:37: Class: WilokeListingTools\Framework\Payment\Stripe\StripeWebhook
Method: WilokeListingTools\Framework\Payment\Stripe\StripeWebhook
codeStatus: 400
Message: No signatures found matching the expected signature for payload
