--
12-18-2024 06:21:59: AddListing: Cleared auto delete unpaid listing for 13646
--
12-18-2024 06:21:59: AddListing: Cleared auto delete unpaid listing for 13646
--
12-18-2024 06:21:59: AddListing: Cleared auto delete unpaid listing for 13646
--
12-18-2024 06:22:03: AddListing: Cleared auto delete unpaid listing for 13646
--
12-18-2024 06:44:59: AddListing: Cleared auto delete unpaid listing for 13646
--
12-19-2024 05:21:32: AddListing: Cleared auto delete unpaid listing for 13672
--
12-19-2024 05:21:32: AddListing: Cleared auto delete unpaid listing for 13672
--
12-19-2024 05:21:32: AddListing: Cleared auto delete unpaid listing for 13672
--
12-19-2024 05:21:32: AddListing: Cleared auto delete unpaid listing for 13450
--
12-19-2024 05:21:33: AddListing: Cleared auto delete unpaid listing for 13450
--
12-19-2024 05:21:33: AddListing: Cleared auto delete unpaid listing for 13450
--
12-19-2024 05:21:38: AddListing: Cleared auto delete unpaid listing for 13672
--
12-19-2024 05:21:38: AddListing: Cleared auto delete unpaid listing for 13450
--
12-19-2024 05:47:27: AddListing: Cleared auto delete unpaid listing for 13672
--
12-19-2024 05:47:27: AddListing: Cleared auto delete unpaid listing for 13450
--
12-27-2024 07:46:44: AddListing: Cleared auto delete unpaid listing for 13682
--
12-27-2024 07:46:45: AddListing: Cleared auto delete unpaid listing for 13682
--
12-27-2024 07:46:45: AddListing: Cleared auto delete unpaid listing for 13682
--
12-27-2024 08:13:02: AddListing: Cleared auto delete unpaid listing for 13682
--
12-27-2024 08:13:08: AddListing: Cleared auto delete unpaid listing for 13682
--
01-17-2025 06:39:19: AddListing: Cleared auto delete unpaid listing for 13646
--
01-17-2025 06:39:20: AddListing: Cleared auto delete unpaid listing for 13646
--
01-17-2025 06:39:20: AddListing: Cleared auto delete unpaid listing for 13646
--
01-17-2025 06:43:31: AddListing: Cleared auto delete unpaid listing for 13646
--
01-17-2025 06:44:23: AddListing: Cleared auto delete unpaid listing for 13646
--
01-18-2025 05:37:36: AddListing: Cleared auto delete unpaid listing for 13672
--
01-18-2025 05:37:37: AddListing: Cleared auto delete unpaid listing for 13672
--
01-18-2025 05:37:37: AddListing: Cleared auto delete unpaid listing for 13672
--
01-18-2025 05:37:37: AddListing: Cleared auto delete unpaid listing for 13450
--
01-18-2025 05:37:37: AddListing: Cleared auto delete unpaid listing for 13450
--
01-18-2025 05:37:37: AddListing: Cleared auto delete unpaid listing for 13450
--
01-18-2025 06:24:17: AddListing: Cleared auto delete unpaid listing for 13672
--
01-18-2025 06:24:17: AddListing: Cleared auto delete unpaid listing for 13450
--
01-18-2025 06:40:35: AddListing: Cleared auto delete unpaid listing for 13672
--
01-18-2025 06:40:35: AddListing: Cleared auto delete unpaid listing for 13450
--
01-26-2025 08:51:46: AddListing: Cleared auto delete unpaid listing for 13682
--
01-26-2025 08:51:46: AddListing: Cleared auto delete unpaid listing for 13682
--
01-26-2025 08:51:46: AddListing: Cleared auto delete unpaid listing for 13682
--
01-26-2025 09:04:21: AddListing: Cleared auto delete unpaid listing for 13682
--
01-26-2025 09:19:24: AddListing: Cleared auto delete unpaid listing for 13682
--
02-16-2025 06:51:12: AddListing: Cleared auto delete unpaid listing for 13646
--
02-16-2025 06:51:12: AddListing: Cleared auto delete unpaid listing for 13646
--
02-16-2025 06:51:12: AddListing: Cleared auto delete unpaid listing for 13646
--
02-16-2025 07:04:14: AddListing: Cleared auto delete unpaid listing for 13646
--
02-16-2025 07:04:18: AddListing: Cleared auto delete unpaid listing for 13646
--
02-17-2025 06:26:34: AddListing: Cleared auto delete unpaid listing for 13672
--
02-17-2025 06:26:35: AddListing: Cleared auto delete unpaid listing for 13672
--
02-17-2025 06:26:35: AddListing: Cleared auto delete unpaid listing for 13672
--
02-17-2025 06:26:35: AddListing: Cleared auto delete unpaid listing for 13450
--
02-17-2025 06:26:35: AddListing: Cleared auto delete unpaid listing for 13450
--
02-17-2025 06:26:35: AddListing: Cleared auto delete unpaid listing for 13450
--
02-17-2025 06:26:59: AddListing: Cleared auto delete unpaid listing for 13672
--
02-17-2025 06:26:59: AddListing: Cleared auto delete unpaid listing for 13450
--
02-17-2025 06:30:31: AddListing: Cleared auto delete unpaid listing for 13672
--
02-17-2025 06:30:31: AddListing: Cleared auto delete unpaid listing for 13450
--
02-25-2025 09:06:40: AddListing: Cleared auto delete unpaid listing for 13682
--
02-25-2025 09:06:41: AddListing: Cleared auto delete unpaid listing for 13682
--
02-25-2025 09:06:41: AddListing: Cleared auto delete unpaid listing for 13682
--
02-25-2025 09:06:47: AddListing: Cleared auto delete unpaid listing for 13682
--
02-25-2025 09:07:31: AddListing: Cleared auto delete unpaid listing for 13682
--
03-18-2025 07:05:14: AddListing: Cleared auto delete unpaid listing for 13646
--
03-18-2025 07:05:14: AddListing: Cleared auto delete unpaid listing for 13646
--
03-18-2025 07:05:14: AddListing: Cleared auto delete unpaid listing for 13646
--
03-18-2025 07:06:13: AddListing: Cleared auto delete unpaid listing for 13646
--
03-18-2025 07:07:56: AddListing: Cleared auto delete unpaid listing for 13646
--
03-19-2025 06:29:44: AddListing: Cleared auto delete unpaid listing for 13672
--
03-19-2025 06:29:45: AddListing: Cleared auto delete unpaid listing for 13672
--
03-19-2025 06:29:45: AddListing: Cleared auto delete unpaid listing for 13672
--
03-19-2025 06:29:45: AddListing: Cleared auto delete unpaid listing for 13450
--
03-19-2025 06:29:46: AddListing: Cleared auto delete unpaid listing for 13450
--
03-19-2025 06:29:46: AddListing: Cleared auto delete unpaid listing for 13450
--
03-19-2025 06:30:09: AddListing: Cleared auto delete unpaid listing for 13672
--
03-19-2025 06:30:09: AddListing: Cleared auto delete unpaid listing for 13450
--
03-19-2025 06:34:59: AddListing: Cleared auto delete unpaid listing for 13672
--
03-19-2025 06:35:00: AddListing: Cleared auto delete unpaid listing for 13450
--
03-27-2025 09:08:05: AddListing: Cleared auto delete unpaid listing for 13682
--
03-27-2025 09:08:06: AddListing: Cleared auto delete unpaid listing for 13682
--
03-27-2025 09:08:06: AddListing: Cleared auto delete unpaid listing for 13682
--
03-27-2025 09:09:41: AddListing: Cleared auto delete unpaid listing for 13682
--
03-27-2025 09:10:25: AddListing: Cleared auto delete unpaid listing for 13682
--
04-17-2025 07:08:08: AddListing: Cleared auto delete unpaid listing for 13646
--
04-17-2025 07:08:09: AddListing: Cleared auto delete unpaid listing for 13646
--
04-17-2025 07:08:09: AddListing: Cleared auto delete unpaid listing for 13646
--
04-17-2025 07:08:14: AddListing: Cleared auto delete unpaid listing for 13646
--
04-17-2025 07:09:35: AddListing: Cleared auto delete unpaid listing for 13646
--
04-18-2025 06:30:40: AddListing: Cleared auto delete unpaid listing for 13672
--
04-18-2025 06:30:40: AddListing: Cleared auto delete unpaid listing for 13672
--
04-18-2025 06:30:40: AddListing: Cleared auto delete unpaid listing for 13672
--
04-18-2025 06:30:40: AddListing: Cleared auto delete unpaid listing for 13450
--
04-18-2025 06:30:41: AddListing: Cleared auto delete unpaid listing for 13450
--
04-18-2025 06:30:41: AddListing: Cleared auto delete unpaid listing for 13450
--
04-18-2025 06:30:44: AddListing: Cleared auto delete unpaid listing for 13672
--
04-18-2025 06:30:44: AddListing: Cleared auto delete unpaid listing for 13450
--
04-18-2025 06:31:46: AddListing: Cleared auto delete unpaid listing for 13672
--
04-18-2025 06:31:46: AddListing: Cleared auto delete unpaid listing for 13450
--
04-26-2025 09:09:47: AddListing: Cleared auto delete unpaid listing for 13682
--
04-26-2025 09:09:48: AddListing: Cleared auto delete unpaid listing for 13682
--
04-26-2025 09:09:48: AddListing: Cleared auto delete unpaid listing for 13682
--
04-26-2025 09:12:16: AddListing: Cleared auto delete unpaid listing for 13682
--
04-26-2025 09:13:06: AddListing: Cleared auto delete unpaid listing for 13682
--
05-17-2025 07:13:50: AddListing: Cleared auto delete unpaid listing for 13646
--
05-17-2025 07:13:50: AddListing: Cleared auto delete unpaid listing for 13646
--
05-17-2025 07:13:50: AddListing: Cleared auto delete unpaid listing for 13646
--
05-17-2025 07:13:55: AddListing: Cleared auto delete unpaid listing for 13646
--
05-17-2025 07:16:53: AddListing: Cleared auto delete unpaid listing for 13646
--
05-18-2025 06:31:01: AddListing: Cleared auto delete unpaid listing for 13672
--
05-18-2025 06:31:01: AddListing: Cleared auto delete unpaid listing for 13672
--
05-18-2025 06:31:02: AddListing: Cleared auto delete unpaid listing for 13672
--
05-18-2025 06:31:02: AddListing: Cleared auto delete unpaid listing for 13450
--
05-18-2025 06:31:02: AddListing: Cleared auto delete unpaid listing for 13450
--
05-18-2025 06:31:02: AddListing: Cleared auto delete unpaid listing for 13450
--
05-18-2025 06:31:08: AddListing: Cleared auto delete unpaid listing for 13672
--
05-18-2025 06:31:08: AddListing: Cleared auto delete unpaid listing for 13450
--
05-18-2025 06:31:12: AddListing: Cleared auto delete unpaid listing for 13672
--
05-18-2025 06:31:12: AddListing: Cleared auto delete unpaid listing for 13450
--
05-26-2025 09:25:27: AddListing: Cleared auto delete unpaid listing for 13682
--
05-26-2025 09:25:28: AddListing: Cleared auto delete unpaid listing for 13682
--
05-26-2025 09:25:28: AddListing: Cleared auto delete unpaid listing for 13682
--
05-26-2025 10:03:10: AddListing: Cleared auto delete unpaid listing for 13682
--
05-26-2025 10:32:25: AddListing: Cleared auto delete unpaid listing for 13682
--
06-16-2025 07:15:26: AddListing: Cleared auto delete unpaid listing for 13646
--
06-16-2025 07:15:27: AddListing: Cleared auto delete unpaid listing for 13646
--
06-16-2025 07:15:27: AddListing: Cleared auto delete unpaid listing for 13646
--
06-16-2025 07:15:31: AddListing: Cleared auto delete unpaid listing for 13646
--
06-16-2025 07:16:20: AddListing: Cleared auto delete unpaid listing for 13646
--
06-17-2025 06:34:21: AddListing: Cleared auto delete unpaid listing for 13672
--
06-17-2025 06:34:22: AddListing: Cleared auto delete unpaid listing for 13672
--
06-17-2025 06:34:22: AddListing: Cleared auto delete unpaid listing for 13672
--
06-17-2025 06:34:22: AddListing: Cleared auto delete unpaid listing for 13450
--
06-17-2025 06:34:22: AddListing: Cleared auto delete unpaid listing for 13450
--
06-17-2025 06:34:22: AddListing: Cleared auto delete unpaid listing for 13450
--
06-17-2025 06:34:28: AddListing: Cleared auto delete unpaid listing for 13672
--
06-17-2025 06:34:28: AddListing: Cleared auto delete unpaid listing for 13450
--
06-17-2025 06:46:14: AddListing: Cleared auto delete unpaid listing for 13672
--
06-17-2025 06:46:14: AddListing: Cleared auto delete unpaid listing for 13450
--
06-25-2025 10:10:14: AddListing: Cleared auto delete unpaid listing for 13682
--
06-25-2025 10:10:15: AddListing: Cleared auto delete unpaid listing for 13682
--
06-25-2025 10:10:15: AddListing: Cleared auto delete unpaid listing for 13682
--
06-25-2025 10:13:11: AddListing: Cleared auto delete unpaid listing for 13682
--
06-25-2025 10:20:32: AddListing: Cleared auto delete unpaid listing for 13682
--
07-16-2025 07:27:51: AddListing: Cleared auto delete unpaid listing for 13646
--
07-16-2025 07:27:52: AddListing: Cleared auto delete unpaid listing for 13646
--
07-16-2025 07:27:52: AddListing: Cleared auto delete unpaid listing for 13646
--
07-16-2025 07:27:56: AddListing: Cleared auto delete unpaid listing for 13646
--
07-16-2025 07:36:39: AddListing: Cleared auto delete unpaid listing for 13646
--
07-17-2025 07:30:25: AddListing: Cleared auto delete unpaid listing for 13672
--
07-17-2025 07:30:25: AddListing: Cleared auto delete unpaid listing for 13672
--
07-17-2025 07:30:25: AddListing: Cleared auto delete unpaid listing for 13672
--
07-17-2025 07:30:25: AddListing: Cleared auto delete unpaid listing for 13450
--
07-17-2025 07:30:26: AddListing: Cleared auto delete unpaid listing for 13450
--
07-17-2025 07:30:26: AddListing: Cleared auto delete unpaid listing for 13450
--
07-17-2025 07:30:31: AddListing: Cleared auto delete unpaid listing for 13672
--
07-17-2025 07:30:31: AddListing: Cleared auto delete unpaid listing for 13450
--
07-17-2025 07:31:00: AddListing: Cleared auto delete unpaid listing for 13672
--
07-17-2025 07:31:00: AddListing: Cleared auto delete unpaid listing for 13450
--
07-25-2025 10:36:21: AddListing: Cleared auto delete unpaid listing for 13682
--
07-25-2025 10:36:21: AddListing: Cleared auto delete unpaid listing for 13682
--
07-25-2025 10:36:21: AddListing: Cleared auto delete unpaid listing for 13682
--
07-25-2025 10:56:11: AddListing: Cleared auto delete unpaid listing for 13682
--
07-25-2025 10:58:05: AddListing: Cleared auto delete unpaid listing for 13682
--
08-15-2025 08:12:06: AddListing: Cleared auto delete unpaid listing for 13646
--
08-15-2025 08:12:06: AddListing: Cleared auto delete unpaid listing for 13646
--
08-15-2025 08:12:06: AddListing: Cleared auto delete unpaid listing for 13646
--
08-15-2025 08:12:11: AddListing: Cleared auto delete unpaid listing for 13646
--
08-15-2025 08:17:41: AddListing: Cleared auto delete unpaid listing for 13646
--
08-16-2025 08:00:34: AddListing: Cleared auto delete unpaid listing for 13672
--
08-16-2025 08:00:34: AddListing: Cleared auto delete unpaid listing for 13672
--
08-16-2025 08:00:34: AddListing: Cleared auto delete unpaid listing for 13672
--
08-16-2025 08:00:34: AddListing: Cleared auto delete unpaid listing for 13450
--
08-16-2025 08:00:34: AddListing: Cleared auto delete unpaid listing for 13450
--
08-16-2025 08:00:34: AddListing: Cleared auto delete unpaid listing for 13450
--
08-16-2025 08:00:39: AddListing: Cleared auto delete unpaid listing for 13672
--
08-16-2025 08:00:39: AddListing: Cleared auto delete unpaid listing for 13450
--
08-16-2025 08:32:53: AddListing: Cleared auto delete unpaid listing for 13672
--
08-16-2025 08:32:53: AddListing: Cleared auto delete unpaid listing for 13450
--
08-24-2025 11:18:25: AddListing: Cleared auto delete unpaid listing for 13682
--
08-24-2025 11:18:25: AddListing: Cleared auto delete unpaid listing for 13682
--
08-24-2025 11:18:25: AddListing: Cleared auto delete unpaid listing for 13682
--
08-24-2025 11:54:42: AddListing: Cleared auto delete unpaid listing for 13682
--
08-24-2025 12:03:56: AddListing: Cleared auto delete unpaid listing for 13682
--
09-14-2025 08:22:00: AddListing: Cleared auto delete unpaid listing for 13646
--
09-14-2025 08:22:00: AddListing: Cleared auto delete unpaid listing for 13646
--
09-14-2025 08:22:00: AddListing: Cleared auto delete unpaid listing for 13646
--
09-14-2025 08:22:06: AddListing: Cleared auto delete unpaid listing for 13646
--
09-14-2025 09:22:50: AddListing: Cleared auto delete unpaid listing for 13646
--
09-15-2025 08:04:24: AddListing: Cleared auto delete unpaid listing for 13672
--
09-15-2025 08:04:24: AddListing: Cleared auto delete unpaid listing for 13672
--
09-15-2025 08:04:24: AddListing: Cleared auto delete unpaid listing for 13672
--
09-15-2025 08:04:24: AddListing: Cleared auto delete unpaid listing for 13450
--
09-15-2025 08:04:24: AddListing: Cleared auto delete unpaid listing for 13450
--
09-15-2025 08:04:24: AddListing: Cleared auto delete unpaid listing for 13450
--
09-15-2025 08:04:29: AddListing: Cleared auto delete unpaid listing for 13672
--
09-15-2025 08:04:29: AddListing: Cleared auto delete unpaid listing for 13450
--
09-15-2025 08:31:41: AddListing: Cleared auto delete unpaid listing for 13672
--
09-15-2025 08:31:41: AddListing: Cleared auto delete unpaid listing for 13450
--
09-23-2025 12:06:50: AddListing: Cleared auto delete unpaid listing for 13682
--
09-23-2025 12:06:50: AddListing: Cleared auto delete unpaid listing for 13682
--
09-23-2025 12:06:50: AddListing: Cleared auto delete unpaid listing for 13682
--
09-23-2025 12:07:58: AddListing: Cleared auto delete unpaid listing for 13682
--
09-23-2025 12:08:05: AddListing: Cleared auto delete unpaid listing for 13682
--
10-14-2025 08:40:33: AddListing: Cleared auto delete unpaid listing for 13646
--
10-14-2025 08:40:34: AddListing: Cleared auto delete unpaid listing for 13646
--
10-14-2025 08:40:34: AddListing: Cleared auto delete unpaid listing for 13646
--
10-14-2025 08:40:38: AddListing: Cleared auto delete unpaid listing for 13646
--
10-14-2025 09:01:35: AddListing: Cleared auto delete unpaid listing for 13646
--
10-15-2025 08:19:14: AddListing: Cleared auto delete unpaid listing for 13672
--
10-15-2025 08:19:14: AddListing: Cleared auto delete unpaid listing for 13672
--
10-15-2025 08:19:14: AddListing: Cleared auto delete unpaid listing for 13672
--
10-15-2025 08:19:14: AddListing: Cleared auto delete unpaid listing for 13450
--
10-15-2025 08:19:14: AddListing: Cleared auto delete unpaid listing for 13450
--
10-15-2025 08:19:14: AddListing: Cleared auto delete unpaid listing for 13450
--
10-15-2025 08:19:19: AddListing: Cleared auto delete unpaid listing for 13672
--
10-15-2025 08:19:19: AddListing: Cleared auto delete unpaid listing for 13450
--
10-15-2025 08:21:05: AddListing: Cleared auto delete unpaid listing for 13672
--
10-15-2025 08:21:05: AddListing: Cleared auto delete unpaid listing for 13450
--
10-17-2025 09:43:51: Cleared all session | Class: WilokeListingTools\Controllers\SessionController
--
10-17-2025 09:43:51: AddListing: Cleared auto delete unpaid listing for 13973
--
10-17-2025 09:45:31: Payment: Inserted Payment. Payment ID:5 | Class: WilokeListingTools\Controllers\PaymentController
--
10-17-2025 09:45:31: Inserted Payment Token Relationship: 12
--
10-17-2025 09:45:31: Cleared all session | Class: WilokeListingTools\Controllers\SessionController
--
10-17-2025 09:45:32: Cleared category, sessionRelationshipStore session | Class: WilokeListingTools\Controllers\SessionController
--
10-17-2025 09:45:32: AddListing: Cleared auto delete unpaid listing for 13973
--
10-17-2025 09:45:32: Updated payment 5 to new status succeeded | Class: WilokeListingTools\Models\PaymentModel
--
10-17-2025 09:45:32: Update User Plan - UserID: 224 Payment Info: {"ID":"5","userID":"224","planID":"13316","packageType":"listing_plan","status":"succeeded","gateway":"free","billingType":"NonRecurringPayment","wooOrderID":"0","createdAt":"2025-10-17 09:45:32","updatedAt":"2025-10-17 05:45:32"}
--
10-17-2025 09:45:32: Insert New Relationship 2 | Class: WilokeListingTools\Controllers\PlanRelationshipController
--
10-17-2025 09:45:32: Updating payment relationship. Post ID: 13973
--
10-17-2025 09:45:32: AddListing: Cleared auto delete unpaid listing for 13973
--
10-23-2025 12:38:25: AddListing: Cleared auto delete unpaid listing for 13682
--
10-23-2025 12:38:25: AddListing: Cleared auto delete unpaid listing for 13682
--
10-23-2025 12:38:25: AddListing: Cleared auto delete unpaid listing for 13682
--
10-23-2025 12:39:49: AddListing: Cleared auto delete unpaid listing for 13682
--
10-23-2025 12:49:10: AddListing: Cleared auto delete unpaid listing for 13682
--
11-13-2025 08:42:02: AddListing: Cleared auto delete unpaid listing for 13646
--
11-13-2025 08:42:02: AddListing: Cleared auto delete unpaid listing for 13646
--
11-13-2025 08:42:02: AddListing: Cleared auto delete unpaid listing for 13646
--
11-13-2025 08:42:07: AddListing: Cleared auto delete unpaid listing for 13646
--
11-13-2025 08:56:15: AddListing: Cleared auto delete unpaid listing for 13646
--
11-14-2025 08:20:32: AddListing: Cleared auto delete unpaid listing for 13672
--
11-14-2025 08:20:32: AddListing: Cleared auto delete unpaid listing for 13672
--
11-14-2025 08:20:32: AddListing: Cleared auto delete unpaid listing for 13672
--
11-14-2025 08:20:32: AddListing: Cleared auto delete unpaid listing for 13450
--
11-14-2025 08:20:33: AddListing: Cleared auto delete unpaid listing for 13450
--
11-14-2025 08:20:33: AddListing: Cleared auto delete unpaid listing for 13450
--
11-14-2025 08:20:37: AddListing: Cleared auto delete unpaid listing for 13672
--
11-14-2025 08:20:37: AddListing: Cleared auto delete unpaid listing for 13450
--
11-14-2025 08:38:26: AddListing: Cleared auto delete unpaid listing for 13672
--
11-14-2025 08:38:26: AddListing: Cleared auto delete unpaid listing for 13450
--
11-22-2025 01:13:10: AddListing: Cleared auto delete unpaid listing for 13682
--
11-22-2025 01:13:11: AddListing: Cleared auto delete unpaid listing for 13682
--
11-22-2025 01:13:11: AddListing: Cleared auto delete unpaid listing for 13682
--
11-22-2025 01:26:38: AddListing: Cleared auto delete unpaid listing for 13682
--
11-22-2025 01:30:44: AddListing: Cleared auto delete unpaid listing for 13682
--
12-13-2025 08:47:16: AddListing: Cleared auto delete unpaid listing for 13646
--
12-13-2025 08:47:17: AddListing: Cleared auto delete unpaid listing for 13646
--
12-13-2025 08:47:17: AddListing: Cleared auto delete unpaid listing for 13646
--
12-13-2025 08:47:19: AddListing: Cleared auto delete unpaid listing for 13646
--
12-13-2025 08:47:20: AddListing: Cleared auto delete unpaid listing for 13646
--
12-14-2025 08:44:37: AddListing: Cleared auto delete unpaid listing for 13672
--
12-14-2025 08:44:38: AddListing: Cleared auto delete unpaid listing for 13672
--
12-14-2025 08:44:38: AddListing: Cleared auto delete unpaid listing for 13672
--
12-14-2025 08:44:38: AddListing: Cleared auto delete unpaid listing for 13450
--
12-14-2025 08:44:38: AddListing: Cleared auto delete unpaid listing for 13450
--
12-14-2025 08:44:38: AddListing: Cleared auto delete unpaid listing for 13450
--
12-14-2025 08:44:39: AddListing: Cleared auto delete unpaid listing for 13672
--
12-14-2025 08:44:39: AddListing: Cleared auto delete unpaid listing for 13450
--
12-14-2025 08:44:40: AddListing: Cleared auto delete unpaid listing for 13672
--
12-14-2025 08:44:40: AddListing: Cleared auto delete unpaid listing for 13450
--
05-06-2026 08:21:48: AddListing: Cleared auto delete unpaid listing for 13682
--
05-06-2026 08:21:49: AddListing: Cleared auto delete unpaid listing for 13682
--
05-06-2026 08:21:49: AddListing: Cleared auto delete unpaid listing for 13682
--
05-06-2026 08:21:49: AddListing: Cleared auto delete unpaid listing for 13646
--
05-06-2026 08:21:49: AddListing: Cleared auto delete unpaid listing for 13646
--
05-06-2026 08:21:49: AddListing: Cleared auto delete unpaid listing for 13646
--
05-06-2026 08:21:49: AddListing: Cleared auto delete unpaid listing for 13672
--
05-06-2026 08:21:49: AddListing: Cleared auto delete unpaid listing for 13672
--
05-06-2026 08:21:49: AddListing: Cleared auto delete unpaid listing for 13672
--
05-06-2026 08:21:49: AddListing: Cleared auto delete unpaid listing for 13450
--
05-06-2026 08:21:49: AddListing: Cleared auto delete unpaid listing for 13450
--
05-06-2026 08:21:49: AddListing: Cleared auto delete unpaid listing for 13450
--
05-06-2026 08:22:01: AddListing: Cleared auto delete unpaid listing for 13682
--
05-06-2026 08:22:01: AddListing: Cleared auto delete unpaid listing for 13646
--
05-06-2026 08:22:01: AddListing: Cleared auto delete unpaid listing for 13672
--
05-06-2026 08:22:01: AddListing: Cleared auto delete unpaid listing for 13450
--
05-06-2026 08:29:10: AddListing: Cleared auto delete unpaid listing for 13682
--
05-06-2026 08:29:10: AddListing: Cleared auto delete unpaid listing for 13646
--
05-06-2026 08:29:10: AddListing: Cleared auto delete unpaid listing for 13672
--
05-06-2026 08:29:10: AddListing: Cleared auto delete unpaid listing for 13450
